<?xml version="1.0" encoding="UTF-8"?>
<TestRun id="8d4a7bf8-34f5-4914-89a7-437c28404d15" name="guest119a@CIT-119A-16 2012-09-27 11:54:57" runUser="EDU\guest119a" xmlns="http://microsoft.com/schemas/VisualStudio/TeamTest/2010">
  <TestSettings name="Default Test Settings" id="7c77a98d-5dad-4775-b616-03b4f47ad490">
    <Deployment runDeploymentRoot="guest119a_CIT-119A-16 2012-09-27 11_54_57">
      <DeploymentItem filename="E:\Registration\Registration\TestProject1\bin\Debug\Newtonsoft.Json.dll" />
      <DeploymentItem filename="E:\Registration\Registration\Registration\bin\Debug\Registration.exe" />
    </Deployment>
    <Execution>
      <TestTypeSpecific />
      <AgentRule name="Execution Agents">
      </AgentRule>
    </Execution>
  </TestSettings>
  <Times creation="2012-09-27T11:54:57.3987883+03:00" queuing="2012-09-27T11:55:04.4814965+03:00" start="2012-09-27T11:55:04.6345118+03:00" finish="2012-09-27T11:55:07.6528136+03:00" />
  <ResultSummary outcome="Completed">
    <Counters total="8" executed="8" passed="8" error="0" failed="0" timeout="0" aborted="0" inconclusive="0" passedButRunAborted="0" notRunnable="0" notExecuted="0" disconnected="0" warning="0" completed="0" inProgress="0" pending="0" />
  </ResultSummary>
  <TestDefinitions>
    <UnitTest name="ComputeStringMD5HashTest" storage="e:\registration\registration\testproject1\bin\debug\testproject1.dll" id="d7d80565-8a59-b908-391c-7d28c97b825c">
      <Execution id="87b9897e-2745-4a4b-8f90-21c4284a1899" />
      <TestMethod codeBase="E:/Registration/Registration/TestProject1/bin/Debug/TestProject1.DLL" adapterTypeName="Microsoft.VisualStudio.TestTools.TestTypes.Unit.UnitTestAdapter, Microsoft.VisualStudio.QualityTools.Tips.UnitTest.Adapter, Version=10.0.0.0, Culture=neutral, PublicKeyToken=b03f5f7f11d50a3a" className="TestProject1.RegistrationControlTest, TestProject1, Version=1.0.0.0, Culture=neutral, PublicKeyToken=null" name="ComputeStringMD5HashTest" />
    </UnitTest>
    <UnitTest name="createPersonTest" storage="e:\registration\registration\testproject1\bin\debug\testproject1.dll" id="6377b645-3969-6cd1-d04a-37ae42951131">
      <Execution id="29309c0b-be00-4195-9cfe-2f9e4e5390e0" />
      <TestMethod codeBase="E:/Registration/Registration/TestProject1/bin/Debug/TestProject1.DLL" adapterTypeName="Microsoft.VisualStudio.TestTools.TestTypes.Unit.UnitTestAdapter, Microsoft.VisualStudio.QualityTools.Tips.UnitTest.Adapter, Version=10.0.0.0, Culture=neutral, PublicKeyToken=b03f5f7f11d50a3a" className="TestProject1.RegistrationControlTest, TestProject1, Version=1.0.0.0, Culture=neutral, PublicKeyToken=null" name="createPersonTest" />
    </UnitTest>
    <UnitTest name="validateComboBox1Test" storage="e:\registration\registration\testproject1\bin\debug\testproject1.dll" id="88f633b7-0613-dec2-001e-98d94b47287a">
      <Execution id="d3512697-085b-4a6b-8edc-c27da453c63f" />
      <TestMethod codeBase="E:/Registration/Registration/TestProject1/bin/Debug/TestProject1.DLL" adapterTypeName="Microsoft.VisualStudio.TestTools.TestTypes.Unit.UnitTestAdapter, Microsoft.VisualStudio.QualityTools.Tips.UnitTest.Adapter, Version=10.0.0.0, Culture=neutral, PublicKeyToken=b03f5f7f11d50a3a" className="TestProject1.RegistrationControlTest, TestProject1, Version=1.0.0.0, Culture=neutral, PublicKeyToken=null" name="validateComboBox1Test" />
    </UnitTest>
    <UnitTest name="checkCaptchaTest" storage="e:\registration\registration\testproject1\bin\debug\testproject1.dll" id="e05b979d-c89a-5070-3401-89843268cead">
      <Execution id="8a2d532b-9198-459d-a000-f20dec467799" />
      <TestMethod codeBase="E:/Registration/Registration/TestProject1/bin/Debug/TestProject1.DLL" adapterTypeName="Microsoft.VisualStudio.TestTools.TestTypes.Unit.UnitTestAdapter, Microsoft.VisualStudio.QualityTools.Tips.UnitTest.Adapter, Version=10.0.0.0, Culture=neutral, PublicKeyToken=b03f5f7f11d50a3a" className="TestProject1.RegistrationControlTest, TestProject1, Version=1.0.0.0, Culture=neutral, PublicKeyToken=null" name="checkCaptchaTest" />
    </UnitTest>
    <UnitTest name="registerCompleteTest" storage="e:\registration\registration\testproject1\bin\debug\testproject1.dll" id="2cb4f749-2a95-7c8f-4577-069c93d7244b">
      <Execution id="6a0feaf1-5e17-4482-8901-69a265b96645" />
      <TestMethod codeBase="E:/Registration/Registration/TestProject1/bin/Debug/TestProject1.DLL" adapterTypeName="Microsoft.VisualStudio.TestTools.TestTypes.Unit.UnitTestAdapter, Microsoft.VisualStudio.QualityTools.Tips.UnitTest.Adapter, Version=10.0.0.0, Culture=neutral, PublicKeyToken=b03f5f7f11d50a3a" className="TestProject1.RegistrationControlTest, TestProject1, Version=1.0.0.0, Culture=neutral, PublicKeyToken=null" name="registerCompleteTest" />
    </UnitTest>
    <UnitTest name="validatecomboBox2Test" storage="e:\registration\registration\testproject1\bin\debug\testproject1.dll" id="c1b6612c-8bda-61ee-7a60-a3a8feeddb90">
      <Execution id="bef83692-1eab-4f51-a624-dd6024e46f2e" />
      <TestMethod codeBase="E:/Registration/Registration/TestProject1/bin/Debug/TestProject1.DLL" adapterTypeName="Microsoft.VisualStudio.TestTools.TestTypes.Unit.UnitTestAdapter, Microsoft.VisualStudio.QualityTools.Tips.UnitTest.Adapter, Version=10.0.0.0, Culture=neutral, PublicKeyToken=b03f5f7f11d50a3a" className="TestProject1.RegistrationControlTest, TestProject1, Version=1.0.0.0, Culture=neutral, PublicKeyToken=null" name="validatecomboBox2Test" />
    </UnitTest>
    <UnitTest name="validateTextBox2Test" storage="e:\registration\registration\testproject1\bin\debug\testproject1.dll" id="70062fe8-c524-26fe-d16a-3038dd1bac3f">
      <Execution id="b4574d1d-951e-47a4-b3b3-92f7638ab571" />
      <TestMethod codeBase="E:/Registration/Registration/TestProject1/bin/Debug/TestProject1.DLL" adapterTypeName="Microsoft.VisualStudio.TestTools.TestTypes.Unit.UnitTestAdapter, Microsoft.VisualStudio.QualityTools.Tips.UnitTest.Adapter, Version=10.0.0.0, Culture=neutral, PublicKeyToken=b03f5f7f11d50a3a" className="TestProject1.RegistrationControlTest, TestProject1, Version=1.0.0.0, Culture=neutral, PublicKeyToken=null" name="validateTextBox2Test" />
    </UnitTest>
    <UnitTest name="createImageTest" storage="e:\registration\registration\testproject1\bin\debug\testproject1.dll" id="57e618bd-1940-8794-b8d0-412880009082">
      <Execution id="7704709a-c8ea-4e22-90c1-ef765e942eef" />
      <TestMethod codeBase="E:/Registration/Registration/TestProject1/bin/Debug/TestProject1.DLL" adapterTypeName="Microsoft.VisualStudio.TestTools.TestTypes.Unit.UnitTestAdapter, Microsoft.VisualStudio.QualityTools.Tips.UnitTest.Adapter, Version=10.0.0.0, Culture=neutral, PublicKeyToken=b03f5f7f11d50a3a" className="TestProject1.RegistrationControlTest, TestProject1, Version=1.0.0.0, Culture=neutral, PublicKeyToken=null" name="createImageTest" />
    </UnitTest>
  </TestDefinitions>
  <TestLists>
    <TestList name="Results Not in a List" id="8c84fa94-04c1-424b-9868-57a2d4851a1d" />
    <TestList name="All Loaded Results" id="19431567-8539-422a-85d7-44ee4e166bda" />
  </TestLists>
  <TestEntries>
    <TestEntry testId="2cb4f749-2a95-7c8f-4577-069c93d7244b" executionId="6a0feaf1-5e17-4482-8901-69a265b96645" testListId="8c84fa94-04c1-424b-9868-57a2d4851a1d" />
    <TestEntry testId="57e618bd-1940-8794-b8d0-412880009082" executionId="7704709a-c8ea-4e22-90c1-ef765e942eef" testListId="8c84fa94-04c1-424b-9868-57a2d4851a1d" />
    <TestEntry testId="6377b645-3969-6cd1-d04a-37ae42951131" executionId="29309c0b-be00-4195-9cfe-2f9e4e5390e0" testListId="8c84fa94-04c1-424b-9868-57a2d4851a1d" />
    <TestEntry testId="70062fe8-c524-26fe-d16a-3038dd1bac3f" executionId="b4574d1d-951e-47a4-b3b3-92f7638ab571" testListId="8c84fa94-04c1-424b-9868-57a2d4851a1d" />
    <TestEntry testId="88f633b7-0613-dec2-001e-98d94b47287a" executionId="d3512697-085b-4a6b-8edc-c27da453c63f" testListId="8c84fa94-04c1-424b-9868-57a2d4851a1d" />
    <TestEntry testId="c1b6612c-8bda-61ee-7a60-a3a8feeddb90" executionId="bef83692-1eab-4f51-a624-dd6024e46f2e" testListId="8c84fa94-04c1-424b-9868-57a2d4851a1d" />
    <TestEntry testId="d7d80565-8a59-b908-391c-7d28c97b825c" executionId="87b9897e-2745-4a4b-8f90-21c4284a1899" testListId="8c84fa94-04c1-424b-9868-57a2d4851a1d" />
    <TestEntry testId="e05b979d-c89a-5070-3401-89843268cead" executionId="8a2d532b-9198-459d-a000-f20dec467799" testListId="8c84fa94-04c1-424b-9868-57a2d4851a1d" />
  </TestEntries>
  <Results>
    <UnitTestResult executionId="6a0feaf1-5e17-4482-8901-69a265b96645" testId="2cb4f749-2a95-7c8f-4577-069c93d7244b" testName="registerCompleteTest" computerName="CIT-119A-16" duration="00:00:00.7731155" startTime="2012-09-27T11:55:05.2845768+03:00" endTime="2012-09-27T11:55:06.9907474+03:00" testType="13cdc9d9-ddb5-4fa4-a97d-d965ccfc6d4b" outcome="Passed" testListId="8c84fa94-04c1-424b-9868-57a2d4851a1d" relativeResultsDirectory="6a0feaf1-5e17-4482-8901-69a265b96645">
    </UnitTestResult>
    <UnitTestResult executionId="7704709a-c8ea-4e22-90c1-ef765e942eef" testId="57e618bd-1940-8794-b8d0-412880009082" testName="createImageTest" computerName="CIT-119A-16" duration="00:00:00.0281866" startTime="2012-09-27T11:55:07.0577541+03:00" endTime="2012-09-27T11:55:07.0957579+03:00" testType="13cdc9d9-ddb5-4fa4-a97d-d965ccfc6d4b" outcome="Passed" testListId="8c84fa94-04c1-424b-9868-57a2d4851a1d" relativeResultsDirectory="7704709a-c8ea-4e22-90c1-ef765e942eef">
    </UnitTestResult>
    <UnitTestResult executionId="29309c0b-be00-4195-9cfe-2f9e4e5390e0" testId="6377b645-3969-6cd1-d04a-37ae42951131" testName="createPersonTest" computerName="CIT-119A-16" duration="00:00:00.0123200" startTime="2012-09-27T11:55:07.1447628+03:00" endTime="2012-09-27T11:55:07.1627646+03:00" testType="13cdc9d9-ddb5-4fa4-a97d-d965ccfc6d4b" outcome="Passed" testListId="8c84fa94-04c1-424b-9868-57a2d4851a1d" relativeResultsDirectory="29309c0b-be00-4195-9cfe-2f9e4e5390e0">
    </UnitTestResult>
    <UnitTestResult executionId="b4574d1d-951e-47a4-b3b3-92f7638ab571" testId="70062fe8-c524-26fe-d16a-3038dd1bac3f" testName="validateTextBox2Test" computerName="CIT-119A-16" duration="00:00:00.0130053" startTime="2012-09-27T11:55:07.2127696+03:00" endTime="2012-09-27T11:55:07.2307714+03:00" testType="13cdc9d9-ddb5-4fa4-a97d-d965ccfc6d4b" outcome="Passed" testListId="8c84fa94-04c1-424b-9868-57a2d4851a1d" relativeResultsDirectory="b4574d1d-951e-47a4-b3b3-92f7638ab571">
    </UnitTestResult>
    <UnitTestResult executionId="d3512697-085b-4a6b-8edc-c27da453c63f" testId="88f633b7-0613-dec2-001e-98d94b47287a" testName="validateComboBox1Test" computerName="CIT-119A-16" duration="00:00:00.0119496" startTime="2012-09-27T11:55:07.2807764+03:00" endTime="2012-09-27T11:55:07.3027786+03:00" testType="13cdc9d9-ddb5-4fa4-a97d-d965ccfc6d4b" outcome="Passed" testListId="8c84fa94-04c1-424b-9868-57a2d4851a1d" relativeResultsDirectory="d3512697-085b-4a6b-8edc-c27da453c63f">
    </UnitTestResult>
    <UnitTestResult executionId="bef83692-1eab-4f51-a624-dd6024e46f2e" testId="c1b6612c-8bda-61ee-7a60-a3a8feeddb90" testName="validatecomboBox2Test" computerName="CIT-119A-16" duration="00:00:00.0126069" startTime="2012-09-27T11:55:07.3557839+03:00" endTime="2012-09-27T11:55:07.3757859+03:00" testType="13cdc9d9-ddb5-4fa4-a97d-d965ccfc6d4b" outcome="Passed" testListId="8c84fa94-04c1-424b-9868-57a2d4851a1d" relativeResultsDirectory="bef83692-1eab-4f51-a624-dd6024e46f2e">
    </UnitTestResult>
    <UnitTestResult executionId="87b9897e-2745-4a4b-8f90-21c4284a1899" testId="d7d80565-8a59-b908-391c-7d28c97b825c" testName="ComputeStringMD5HashTest" computerName="CIT-119A-16" duration="00:00:00.0234922" startTime="2012-09-27T11:55:07.4257909+03:00" endTime="2012-09-27T11:55:07.4567940+03:00" testType="13cdc9d9-ddb5-4fa4-a97d-d965ccfc6d4b" outcome="Passed" testListId="8c84fa94-04c1-424b-9868-57a2d4851a1d" relativeResultsDirectory="87b9897e-2745-4a4b-8f90-21c4284a1899">
    </UnitTestResult>
    <UnitTestResult executionId="8a2d532b-9198-459d-a000-f20dec467799" testId="e05b979d-c89a-5070-3401-89843268cead" testName="checkCaptchaTest" computerName="CIT-119A-16" duration="00:00:00.0184303" startTime="2012-09-27T11:55:07.5067990+03:00" endTime="2012-09-27T11:55:07.5338017+03:00" testType="13cdc9d9-ddb5-4fa4-a97d-d965ccfc6d4b" outcome="Passed" testListId="8c84fa94-04c1-424b-9868-57a2d4851a1d" relativeResultsDirectory="8a2d532b-9198-459d-a000-f20dec467799">
    </UnitTestResult>
  </Results>
</TestRun>